CREATE TABLE
CREATE TABLE
CREATE FUNCTION
CREATE TRIGGER
CREATE TABLE
CREATE TABLE
CREATE TABLE
CREATE FUNCTION
CREATE TRIGGER
CREATE FUNCTION
CREATE TRIGGER
CREATE FUNCTION
CREATE TRIGGER
CREATE FUNCTION
CREATE TRIGGER
CREATE FUNCTION
CREATE TRIGGER
CREATE FUNCTION
CREATE TRIGGER
CREATE TABLE
CREATE TABLE
CREATE FUNCTION
CREATE TRIGGER
ALTER TABLE
CREATE TABLE
CREATE FUNCTION
CREATE TRIGGER
ALTER TABLE
CREATE TABLE
CREATE FUNCTION
CREATE TRIGGER
ALTER TABLE
CREATE TABLE
CREATE FUNCTION
CREATE TRIGGER
ALTER TABLE
CREATE TABLE
CREATE FUNCTION
CREATE TRIGGER
ALTER TABLE
CREATE TABLE
CREATE FUNCTION
CREATE TRIGGER
ALTER TABLE
CREATE TABLE
CREATE FUNCTION
CREATE TRIGGER
ALTER TABLE
CREATE TABLE
CREATE FUNCTION
CREATE TRIGGER
ALTER TABLE
CREATE TABLE
CREATE FUNCTION
CREATE TRIGGER
ALTER TABLE
CREATE TABLE
CREATE FUNCTION
CREATE TRIGGER
ALTER TABLE
CREATE TABLE
CREATE FUNCTION
CREATE TRIGGER
ALTER TABLE
CREATE TABLE
CREATE FUNCTION
CREATE TRIGGER
ALTER TABLE
CREATE TABLE
CREATE FUNCTION
CREATE TRIGGER
ALTER TABLE
INSERT 0 10
INSERT 0 10
INSERT 0 2
INSERT 0 3
INSERT 0 2
 count 
-------
    10
(1 row)

 id |   name   |     category      | price  | stock |   expiry   |  status  
----+----------+-------------------+--------+-------+------------+----------
  8 | cupcakes | Bakery & Desserts |  59.99 |    10 | 2023-06-09 | in-stock
  2 | cake     | Bakery & Desserts | 159.99 |     9 | 2023-03-08 | in-stock
(2 rows)

 id |     name     |      email       |          image_url          | total_orders | total_pending | total_paid 
----+--------------+------------------+-----------------------------+--------------+---------------+------------
  2 | Lee Robinson | lee@robinson.com | /customers/lee-robinson.png |            1 |       3199.80 |          0
(1 row)

 id | quantity | amount  |    date    | status  | product_id | customer_name |          image_url          | product_name 
----+----------+---------+------------+---------+------------+---------------+-----------------------------+--------------
  2 |       20 | 3199.80 | 2023-12-14 | pending |          2 | Lee Robinson  | /customers/lee-robinson.png | cake
(1 row)

 id |   name    |     category      | price | stock |   expiry   |  status  
----+-----------+-------------------+-------+-------+------------+----------
  5 | croissant | Bakery & Desserts | 59.99 |    84 | 2023-11-04 | in-stock
(1 row)

UPDATE 1
 id | name |     category      | price | stock |   expiry   |  status  
----+------+-------------------+-------+-------+------------+----------
  5 | Test | Bakery & Desserts | 99.99 |    50 | 2023-11-04 | in-stock
(1 row)

DELETE 1
 id | name | category | price | stock | expiry | status 
----+------+----------+-------+-------+--------+--------
(0 rows)

 id | customer_id | product_id | quantity | amount | date | status 
----+-------------+------------+----------+--------+------+--------
(0 rows)

INSERT 0 1
 id | customer_id | product_id | quantity | amount  |    date    | status 
----+-------------+------------+----------+---------+------------+--------
  3 |           3 |          3 |       27 | 1214.73 | 2024-02-29 | paid
(1 row)

UPDATE 1
 id | customer_id | product_id | quantity | amount |    date    | status  
----+-------------+------------+----------+--------+------------+---------
  3 |           3 |          3 |        5 | 224.95 | 2024-02-29 | pending
(1 row)

DELETE 1
 id | customer_id | product_id | quantity | amount | date | status 
----+-------------+------------+----------+--------+------+--------
(0 rows)

 stock 
-------
    33
(1 row)

INSERT 0 1
 stock 
-------
     6
(1 row)

UPDATE 1
 stock 
-------
    30
(1 row)

 id |  name   |     category      | total_revenue | total_sold 
----+---------+-------------------+---------------+------------
  3 | muffins | Bakery & Desserts |        134.97 |          3
(1 row)

 count 
-------
     3
(1 row)

 count 
-------
     3
(1 row)

 count 
-------
     9
(1 row)

 total 
-------
   135
(1 row)

  paid  | pending 
--------+---------
 134.97 | 3313.78
(1 row)

 count 
-------
     7
(1 row)

 count 
-------
     2